111111111
150500001
100000001
150500001
100000001
100002021
100000001
100002021
111111111
