00000000111111S11000111111111
00000000150510001000120204041
0000000010001000100010000000F
00000000150510001000120204041
111111F11000100011P1100000001
14040000000000000000000000001
U0000000000000000000000000001
14040000000000000000000000001
10000000100011O11111100011U11
12020000100000001000000000001
10000000S0000000C00000000000P
12020000100000001000000000001
11111000100000001000000011111
00001000000004040000020210000
0000H000000000000000000010000
00001000000004040000020210000
0000111111O111C111H1111110000
