11111111111H111111U11
150502021000000000001
100000001110000000001
150502021000000000001
100000001000000000001
100000001000040400001
10000000S000000000001
100000001000040400001
1110001111F1111000001
100000001000000000001
100000001000000010001
100000000000000010001
100000000110000010001
100000001000000010001
100000001000000010001
100000001000000010001
100000001000000010001
100000001000000010001
O000000010000000UC0001
100000001000000010001
100000001000001110001
100004040000000000001
100000000000000000001
100004040000000000001
011111111111111111111
