1111111111H11111111111111
1505020210000000000000001
1000000010000000000000001
1505020210000000000000001
1000000010001000000011111
1000020210001000000000001
1000000010001000000000001
1000020210001000000000001
1000000010001000000011111
100000000000F000000000001
1000000000001000000000001
1000000000001000000000001
1000100000001111111O10001
1000100000001404000000001
1000100000001000000000001
1000100000001404000000001
100011C110001000000000001
100014040000S000000000001
S000U00000001000000000001
1000140400001000000000001
1000100000001000000000001
1000100000000000000000001
1000U00000000000000000001
1000100000000000000000001
1111111111111111111111111
