111111111U11111110001111111111111
140400000000000010001202050502021
100000000000000010001000000000001
140400000000000010001202050502021
111111111111100010001000000000001
100000000000000010001202000000001
10000000000000001000100000000000O
100000000000000010001202000000001
100000000000111111111000000010001
1000000000000y0y00000000000010001
100000000000000000000000000010001
1000000000000y0y00000000000010001
10001111111111111000000011S110001
100000000000000010000000000000001
1000000000000000P0000000000000001
1000000000000000O0000000000000001
1H1110001111111111111111100011111
10001p0p00000000100000000b0b10000
100010000000000010000000000010000
10001p0p00000000000000000b0b10000
100011111000000000111111111110000
100000000000000000001000000010000
100000000000000000001000000010000
10000000000000000000F000000010000
111111111000111110001000000010000
000000001000030310001000000000000
000000001000000010001000000000000
000000001000030310001000000000000
000000001S1S111111111000000000000
