111111111111111111F111111
O000000000O00000000005051
1000000000100000000000001
1000000000000000000005051
1111101000000011100000001
000010U000000000100000001
00001S1000001000101000001
0000100000001000101000001
1111100000001H11101011111
1000000000000000000010000
10000000000000000000C0000
1000000000000000000010000
1011100011111000000011111
1000000010001000000000001
1000000010001110100000001
1000000010001000100000001
1110001P10001000111000001
1000000010001000000000001
1000000010001000000000001
100000001000C000000000001
1111111110001111111111111
