11S11111111111011111111111111
10000303000000100000040400001
1000000000000011111000000000H
100003030000000000SP0040400001
10001110000000000010000000001
10001505000000000000000002021
10001000000000000000000000001
10001505000000000000000002021
100011F1111000111111111111110
10000000100000000000100000001
10000000100000000000100000001
10000000100000000000000000001
10000000100000000000000000001
10000000000000000303000000001
H0000000000000001000000010001
10000000000000001303000010001
11111111111111111111111111U11
