11111111111111111111111111111
10000000000000000000000000001
10000000000000000000000000001
10000000000000000000000000001
1000111111U1111F1111111110001
10000000020200000000000010001
S0000000000000000000000010001
10000000020200000000000010001
10000000000000000000000010001
10000000000000000000000010001
10000000000000000000000010001
10000000000000000000000010001
11111111111111111000000010001
12020000000000000000000000001
10000000000000000000000000001
12020000000000000000000000001
11F1100011111U111111111110001
10000000C40400000000000000001
10000000100000000000000000001
10000000140400000000000000001
11111000111111111111111111111
10000000000000000000040400001
10000000000000000000000000001
10000000000000000000040400001
11C11111111111111111111110001
15050000000003030000000000001
1000000000000000000000000000O
15050000000003030000000000001
1111111111H111111111111111111
