0000000000000
0505000000000
0000000000000
0505000000000
0000111110000
0000000000000
0000111100000
0000001010000
0000001110000
0000000000000
0000000000000
0000000000000
0000000000000
