011100100
150510100
100011011
150510100
110110101
001010001
001001110
001000000
110110000
