1111111111F111111111*****************
12020000000010000505*****************
100000000000H0000000*****************
12020000000010000505*****************
11111000000010001111*****************
10000303000000001g0g*****************
P0000000000000001000*****************
10000303000000001g0g*****************
100011U111C110001000*****************
14040000100004040000*****************
10000000100000000000*****************
14040000100004040000*****************
10001111100011111111*****************
10000b0bS00000000000*****************
10000000100000000000*****************
10000b0b100000000000*****************
11111000111111111000*****************
10000404000000000202*****************
10000000000000000000*****************
10000404000000000202*****************
1C100011111000000000*****************
1000000000000000000010000010000000001
1000000000001000111100001100000000001
100000000000H000000000000010000000001
101U111F10001O10111110000010001110001
10100010000000000p0p0000040400U0P0001
1010001000000000000000000000001010001
10000010000000000p0p00000404000000001
111000111110001O11111F1H1000000000001
1303000004040000000010000000000003031
1000000000000000111100000000001100001
1303000004040000000010000000000013031
1000100000100000111010000110000010001
1202100000S00000000000001010000002021
1000101110111000100000001001100000001
1202000000000000100000001010000002021
111111111111111P111111110111111C11111
