*****************1111111111111111
*****************5050000100000001
*****************0000000P00000001
*****************5050000100000001
*****************111100011H110001
*****************g0g0000000000001
*****************0000000000000001
*****************g0g0000000000001
*****************F111000000011US11
*****************0000404000000001
*****************0000000000000001
*****************0000404000000001
*****************0001111111O10001
*****************0000000000002021
*****************0000000000000001
*****************0000000000002021
*****************1O11000111111C11
100002021r0r100010001b0b120210001
100000001000100010001000100010001
100002021r0rF00010001b0b120210001
100000001000100010001000100010001
100003030000000000000000030310001
100000000000000010000000000010001
1000030300000000P0000000030310001
01P110001000111100111000000010001
1000000010000p0p00001404000010001
100000001000000000001000001110001
1000000010000p0p0000U404000000001
10001OC110110111110001000000000001
100000000000000000000000000000001
100000000000001110000000100010001
1000000000000000100000001000F0001
1111111111111S11111111H1111111111
