*************************0000000000000000
*************************0000000000000000
*************************0000000000000000
*************************0000000000000000
*************************1111C11111111111
*************************0101000120200001
*************************0110000100011110
*************************0000000020210001
*************************0000010000010001
*************************00000100000H0001
*************************0001O11100010001
*************************0000000000000001
*************************1100010000000001
*************************0000010040400001
*************************0001101100010001
*************************0000010040410001
*************************01U1010000010001
00001o0o1b0b00000000101000F00000000003031
00001000100000000000011000110000001000001
00001o0o1b0b00000000100000001000001003031
11111000100010000000100000001000000110101
13130000000015050000100000000000000000101
11100000000010000000011000100000000011101
130300000000P5050000101000U00000000000001
10000010000011111S111C1011111011100011111
100000100000100000001000P00000000p0p10000
1O100010000010111110100010000000000010000
101000100000H00000001000000000000p0p10000
10100010000010000000100000001111111110000
10000000000000000404000000001000000000000
10111F10000000100000000000001000000000000
10100000000000100404000000001000000000000
11111000111111101110000011111000000000000
00001000020200S00000000010000000000000000
00001000000000100000001110000000000000000
0000100002020000000000U010000000000000000
00001111111111111111111110000000000000000
