1111111111111111111111111111111111111111111111111111100011111111100000000
0000000010000000100000001000000000000000000000000000100010000000100000000
0000000010000000100000001000000000000000000000000000100010000000100000000
00000000100000001000000010000000000000000000000000001000O0000000100000000
0000000010000000100011111000100000000000000011111000111110000000111110000
000000001000000000000b0b0000100000000202000000001000000000000000000010000
0000000010000000000000000000100000000000000000001000000000000000000010000
000000001000000000000b0b0000100000000202000000001000000000000000000010000
0000111110000000100011111000111110000000100000001000000011111000000011111
0000100000000000100000001000000010000000100000000000000000000303000000001
0000100000000000100000001000000010000000100000000000000000000000000000001
0000100000000000100000001000000010000000100000000000000000000303000000001
111110100000000011111000*************000111110001000000010000000000000001
100010100000000000001000*************40400001g0g1000000010000000000004041
10001110000010000000C000*************000000010001000000010000000000000001
100000000000100000001000*************40400001g0g1000000010000000000004041
1000000000001000*************************************00011111000100011111
1000000002020000*************************************00000000000100010000
1000111000000000*************************************00000000000100010000
1000101002020000*************************************00000000000100010000
1O11101000000000*************************************00000000000100011111
0000101000000000*************************************00002020000000000001
0000101000000000*************************************00000000000000000001
0000101000000000*************************************00002020000000000001
0000101000000000*************************************00000000000100000001
00001000000000000404*****************************000000003030000100000001
00001000000000000000*****************************000000000000000100000001
00001000000000000404*****************************000000003030000100000001
1111100011100000*****************************************0000000100011111
1000000000000000*****************************************0000000000000001
1000000000001000*****************************************0000000000000001
1000000000001000*****************************************0000000000000001
1000000000001111*****************************************0001111100000001
1000000000000o0o*****************************************0001000020205051
1000000000000000*****************************************0001000000000001
1000000000000o0o*****************************************0001000020205051
11H1100000001111*****************************************0001000000000001
1000020200000000*********************************000*****0000000000000001
1000000000000000*********************************000*****0000000000000001
1000020200000000*********************************000*****0000000000000001
1000000010000000*********************************000*****0001000100010001
100000001000030300000404*************************000040410001y0y100010001
100000001000000000000000*************************000000010001000100010001
100000001000030300000404*************************000040410001y0y100010001
1F1110001000000000000000*************************010001011111000111110001
100010000000000000000000*****************00000000010001000000000000010001
100010000000000000111000*****************01000001100000110000000000010001
100010000000000000101000*****************0P000000000000000000000000010001
100010001111111000111111*****************0100000000000000011100000001U111
10001p0p10001000000013030404*************00000000000000000000000000000001
1000100010001000000010000000*************00010001100000110000000001000001
10001p0p100010000000U3030404*************00010000010001000000000001000001
1000100010001111111110000000*****************0000010001000001000001111111
1000000000001000000000000000*****************0000000000000001000000000001
1000000000001000000000000000*****************0000011100000001000000000001
1000000000001000000000000000*****************0000010000000001000000000001
100000000000100000100000*********************0001110000000001000000011111
100000000202000000100000*****************00000000000000002020000000010000
100000000000000011011000*****************00000000000000000000000000010000
100000000202000000100000*****************00000000000000002020000000010000
111110000000000000100000*****************00011111000000000000000000010000
000010000000020200000000000000001r0r1000000000100202000000000000000010000
0000100000000000000000000000000010001000000000111000000000000000000010000
000010000000020200000000000000001r0r1000000000000202000000000000000010000
0000100011111000000000111110000010001000000000000000100000001000000011111
000010000000C000000000000010000000000000000000000000100000001000000004041
0000100000001000000000000010000000000000000010000000100000001000000000001
0000100000001000000000000010000000000000000010000000000000001000000004041
0000111110001000111110000011111000001000000010000011100011111000111111111
0000000010000000100010000000000000001000030300000000000010000000100000000
00000000100000001000100000000000000010000000000000000000S0000000100000000
0000000010000000100010000000000000001000030300000000000010000000100000000
0000000011111111100011111111111111111111111111111111111111111111100000000
