0111111111110
1000000000001
1000000000001
1000000000001
1000111110001
1000150500001
1000100000001
1000150500001
1000111110001
1000000000001
1000000000001
1000000000001
0111111111110
