111111111111111111111
100000001000000000001
100000001000000000001
100000001000000000001
100010001111111110001
100010001000000000001
100010001000000000001
100010001000000000001
100010001000111111111
100010001000000000001
100010001000000000001
100010001000000000001
100010001111100010001
150510000000000010001
100010000000000010001
150510000000000010001
100011111111111110001
100000000000000000001
100000000000000000001
100000000000000000001
111111111111111111111
