1111111111111
1303120213031
1000100010001
1303120213031
1000100010001
1000100010001
1000100010001
1000100010001
1000100010001
1505000010001
1000000010001
1505000010001
1000100010001
1000100010001
1000100010001
1000100010001
1000100010001
1000100000001
1000100000001
1000100000001
1000111110001
1000000012021
1000000010001
1000000012021
1111111111111
