111111111
150500001
100000001
150500001
100011FH11
100000001
100000001
100000001
111111111
