111111111111111111F11
1505100000O0000000001
100010000010000000001
150510000000000000001
100010100000001110001
1b0b10U00000000010001
10001S100000100010101
1b0b10000000100010101
1000100000001H1110101
100000000303000002021
100000000000000000001
100000000303000002021
101110001111100000001
100000001000100000001
100000001000111000101
100000001000100000101
1110001P1000100011101
100004041000100000001
100000001000100000001
100004041000C00000001
111111111000111111111
