111111H111H11
1505000000001
1000000000001
1505000000001
1000000000001
1000000000001
1000000000001
1000000000001
111111H111H11
