111111111
150500001
100000111
150500001
100000101
100000101
111000101
101000001
111111111
