111111111
100000101
101111101
101000001
101000001
150500001
100000111
150500101
111111111
