0000110111111111111111111000000000000
0000101000000000030300001000000000000
0000101000000000000011101000000000000
0000101000000000030300101000000000000
0000101111100011100010101111100000000
0000120200000000000010000p0p100000000
0000100000000000001100000000100000000
0000120200000000000000000p0p100000000
0000011000100010000000001000100000000
0000100000100010000000001000100000000
0000100011101101100000001000100000000
0000100000100010000000000000100000000
0000110000100010100110001000111110000
0000101000000000101000001000000010000
00001110000010001F1000111P10000010000
0000100000001000000000000010000010000
*************000100000111010000011111
*************r0r100000000000000000101
*************0001111001110000000001S1
*************r0r100010101000000000001
*****************11111011111100000001
*****************00000001000000000001
*****************00000001010000010001
*****************00000001010000010001
*****************00000001010000010001
*****************00005051010000000001
*****************00000001010001111101
*****************00005051000000010001
*****************00011H11111100010001
*****************b0b00000000000012021
*****************00000000000000010001
*****************b0b00000000000012021
*****************11110000000000010001
*****************y0y00000000000000001
*****************00000001111101000001
*****************y0y00000000001000001
*****************11110000000001011111
*****************00013030000001010000
*****************00011100011101110000
*****************00013130010000010000
*****************00011111111111110000
