1H111111111111111111111O11111111111111111111111111111111*********************
100003030000S00000000000100004040p0p00000000000003030010*********************
1000000000001000000000001000000000000000000111000000000O*********************
100003030000100000000000100004040p0p00000010001003030000*********************
10001000000010000000000010001111111H10000010001110000000*********************
15051000000010000000000010000000000014040010001010000000*********************
1000100000001000000000001000000000001000000F110010000000*********************
15051000000010000000000010000000000014040000000000000000*********************
10001000000010001P1110001O100000111010000000000000001111*********************
1000020200000000000014041000000000001000000000000404P000*********************
10000000000000000000100010000000000010000000000000001000*********************
10000202000000000000140410000000000010000000000004040000*********************
1111111111111111111110001000100010001C100000000011100000*********************
101010000010000000001b0b10001202100012020000000010000000*********************
101S1000001000000000100010001000100010000000000010000000*********************
100000000000000000001b0b10000202100012020000000010000000*********************
1000000000000000000010001000000010000O10000000000111111S*********************
13030000000000000000000000000000000010000000000004040r0r*********************
10000010000000000000000000001000101C10000000000000000000*********************
130300F0000000000000000000001000100010000000000004040r0r*********************
11111111111U111111111111111111111111011111S1111111111111*********************
