11111111111111111111*************************
15050000030300000000*************************
10000000000000000000*************************
15050000030300000000*************************
11111000100011111111*************************
1202000010000g0g0g0g*************************
10000000100000000000*************************
1202000010000g0g0g0g*************************
10000000100011111111*************************
13030000000010000000*************************
10000000000010000000*************************
F30300000000U0000000*************************
10000000100010001H11*************************
140400001000100010001000*************0001r0r1
100000001000100010000111*************00010001
140400001000100010000000*************0001r0r1
100010001000100010000000*************11110001
1b0b10001000000010000000000000000000000010001
100010001000000010000010000000000000000010001
1b0b1000C0000000100000U0000000000000000000001
100011111111111111111111111110000000000000001
1000000003030000000004040p0p00000000020200001
100000000000000000000000000000000000000010001
1000000003030000000004040p0p00000000020210001
10000011111110001110000011111000000O11O110001
1000000010001000O0000303001010000010000000001
100010001000101F10001000001010000010000000001
100010001000000010001303000010000010000000001
11101000100000001110101S1000100011011C0010001
100000000000020210000000000010000000000010001
100000000000000010000000000010100000000010001
1000000000000202P0000000000010100000000010001
1S1111111H11111111111111111111011111111111111
