1111111U1H1111S11
15050b0b000003031
10000000000000001
15050b0b000003031
10000000100000111
100002021p0p04041
F0000000100000001
100002021p0p04041
*********00011111
*********00000101
*********00000011
*********0000000P
*********00000001
*********r0r00001
*********000110C1
*********r0r00101
*********11111111
*****000000000000
*****000000000000
*****000000000000
*****000000000000
