111111111
150500001
10000000H
150500001
100010001
100010001
S00010001
100010001
111111111
