001000100
001000100
1HF0SP1HP0SF1
001000100
001000100
001005150
1HP0SF1HP0SF1
001005150
001000100
