111111F11111111111111
100000000000000005051
100000000000000000001
100000000000000005051
100000000000000000001
100000000000000000001
100000000000000000001
100000000000000000001
1000000011S1100000001
100000001000000000001
O0000000U000000000001
100000001000000000001
100000001000000000001
100000000000000000001
100000000000000000001
100000000000000000001
100011H11111111111C11
100000001000000000000
100000001000000000000
100000001000000000000
111111111000000000000
