0H1S0H1S0
100010001
100010001
100010001
0FH1PS0PH1FS0
100015051
100010001
100015051
0P1F0P1F0
