11H111S11
100000001
100000001
100000001
100000001
150500001
100000001
150500001
111111111
