11111111111111111
10000000000000001
10000000000000001
10000000000000001
1000111UU111FU10001
100010000000PU0001
10001000000010001
1000FF000000010001
10001000100010001
1000SC505HF00010001
10001000100010001
100015051000OP0001
10001H11100010001
100000000000SH0001
10000000000010001
10000000000010001
11111111111111111
