111111111111111110000
15050b0b0000000010000
100000000000000010000
15050b0b0000000010000
100011SH11000100010000
100010001000100010000
1000100010001HU1110000
100010001000000010000
100010001000001011111
100010001000001000001
1000HU0001000001000001
10001000100000UH000001
100010001000001000001
100000001000000000001
100000001000000000001
100000001000000000001
111111111111111111111
