111111F11111111111H11F111
140400000p0p0000000004041
1000000000000000000000001
140400000p0p0000000004041
100000001111111S100000001
1000000000001000000000001
H00000000000O000000000001
1000000000001000000000001
1000100000001000000010001
10001000040414040000Cr0r1
100010000000U000000010001
100010000404140400001r0r1
100011U11111*************
1b0b10000404*************
100010000000*************
1b0b10000404*************
100010000000*************
100004040000*************
H00000000000*************
100004040000*************
100000001111*************
150500000000*************
100000000000*************
150500000000*************
111111F11111*************
