1111111111111111111111P11111111111111
1404000000001000020210000000030312021
1000000010001000000010000000000010001
14040000C0000000020210000000030312021
1111100010000000111110001111100010001
10100000000000001b0b00000000100000001
1U10000000000011100000000000O00000001
10000000000000001b0b00000000100000001
1000000010000000100011111111100010001
100000001p0p0000000004041000000015051
100010001000100000000000H000000010001
100010001p0p1000000004041000000015051
011S111110000111*************00010001
1000000010001000*************g0g00001
1000011100001000*************00000001
1000100000001000*************g0g00001
1000100000111000*********************
14040000000003030000*****************
10000000000000000000*****************
14040000000003030000*****************
10000000000010000000*****************
10000000020210000r0r*****************
10000010000010000000*****************
10000010020210000r0r*****************
11111111111101111111*****************
